../Core/Src/stm32f4xx_it.c:100:6:NMI_Handler	0	static
../Core/Src/stm32f4xx_it.c:115:6:HardFault_Handler	0	static
../Core/Src/stm32f4xx_it.c:130:6:MemManage_Handler	0	static
../Core/Src/stm32f4xx_it.c:145:6:BusFault_Handler	0	static
../Core/Src/stm32f4xx_it.c:160:6:UsageFault_Handler	0	static
../Core/Src/stm32f4xx_it.c:175:6:SVC_Handler	0	static
../Core/Src/stm32f4xx_it.c:188:6:DebugMon_Handler	0	static
../Core/Src/stm32f4xx_it.c:201:6:PendSV_Handler	0	static
../Core/Src/stm32f4xx_it.c:214:6:SysTick_Handler	8	static
../Core/Src/stm32f4xx_it.c:248:6:TIM1_UP_TIM10_IRQHandler	0	static
../Core/Src/stm32f4xx_it.c:261:6:USART1_IRQHandler	0	static
../Core/Src/stm32f4xx_it.c:272:6:TIM3_IRQHandler	0	static
../Core/Src/stm32f4xx_it.c:283:6:USART3_IRQHandler	0	static
../Core/Src/stm32f4xx_it.c:297:6:DMA2_Stream2_IRQHandler	0	static
../Core/Src/stm32f4xx_it.c:311:6:DMA2_Stream4_IRQHandler	0	static
../Core/Src/stm32f4xx_it.c:325:6:DMA2_Stream7_IRQHandler	0	static
../Core/Src/stm32f4xx_it.c:337:6:HAL_TIM_PeriodElapsedCallback	32	static
../Core/Src/stm32f4xx_it.c:418:6:HAL_UART_RxCpltCallback	0	static
