Archive member included to satisfy reference by file (symbol)

D:/CUDE/STM32CubeIDE_1.18.1/STM32CubeIDE/plugins/com.st.stm32cube.ide.mcu.externaltools.gnu-tools-for-stm32.13.3.rel1.win32_1.0.0.202411081344/tools/bin/../lib/gcc/arm-none-eabi/13.3.1/../../../../arm-none-eabi/lib/thumb/v7e-m+fp/hard\libc_nano.a(libc_a-exit.o)
                              D:/CUDE/STM32CubeIDE_1.18.1/STM32CubeIDE/plugins/com.st.stm32cube.ide.mcu.externaltools.gnu-tools-for-stm32.13.3.rel1.win32_1.0.0.202411081344/tools/bin/../lib/gcc/arm-none-eabi/13.3.1/../../../../arm-none-eabi/lib/thumb/v7e-m+fp/hard/crt0.o (exit)
D:/CUDE/STM32CubeIDE_1.18.1/STM32CubeIDE/plugins/com.st.stm32cube.ide.mcu.externaltools.gnu-tools-for-stm32.13.3.rel1.win32_1.0.0.202411081344/tools/bin/../lib/gcc/arm-none-eabi/13.3.1/../../../../arm-none-eabi/lib/thumb/v7e-m+fp/hard\libc_nano.a(libc_a-findfp.o)
                              D:/CUDE/STM32CubeIDE_1.18.1/STM32CubeIDE/plugins/com.st.stm32cube.ide.mcu.externaltools.gnu-tools-for-stm32.13.3.rel1.win32_1.0.0.202411081344/tools/bin/../lib/gcc/arm-none-eabi/13.3.1/../../../../arm-none-eabi/lib/thumb/v7e-m+fp/hard\libc_nano.a(libc_a-exit.o) (__stdio_exit_handler)
D:/CUDE/STM32CubeIDE_1.18.1/STM32CubeIDE/plugins/com.st.stm32cube.ide.mcu.externaltools.gnu-tools-for-stm32.13.3.rel1.win32_1.0.0.202411081344/tools/bin/../lib/gcc/arm-none-eabi/13.3.1/../../../../arm-none-eabi/lib/thumb/v7e-m+fp/hard\libc_nano.a(libc_a-fwalk.o)
                              D:/CUDE/STM32CubeIDE_1.18.1/STM32CubeIDE/plugins/com.st.stm32cube.ide.mcu.externaltools.gnu-tools-for-stm32.13.3.rel1.win32_1.0.0.202411081344/tools/bin/../lib/gcc/arm-none-eabi/13.3.1/../../../../arm-none-eabi/lib/thumb/v7e-m+fp/hard\libc_nano.a(libc_a-findfp.o) (_fwalk_sglue)
D:/CUDE/STM32CubeIDE_1.18.1/STM32CubeIDE/plugins/com.st.stm32cube.ide.mcu.externaltools.gnu-tools-for-stm32.13.3.rel1.win32_1.0.0.202411081344/tools/bin/../lib/gcc/arm-none-eabi/13.3.1/../../../../arm-none-eabi/lib/thumb/v7e-m+fp/hard\libc_nano.a(libc_a-sprintf.o)
                              ./Core/Src/OLED/oledStatus.o (sprintf)
D:/CUDE/STM32CubeIDE_1.18.1/STM32CubeIDE/plugins/com.st.stm32cube.ide.mcu.externaltools.gnu-tools-for-stm32.13.3.rel1.win32_1.0.0.202411081344/tools/bin/../lib/gcc/arm-none-eabi/13.3.1/../../../../arm-none-eabi/lib/thumb/v7e-m+fp/hard\libc_nano.a(libc_a-stdio.o)
                              D:/CUDE/STM32CubeIDE_1.18.1/STM32CubeIDE/plugins/com.st.stm32cube.ide.mcu.externaltools.gnu-tools-for-stm32.13.3.rel1.win32_1.0.0.202411081344/tools/bin/../lib/gcc/arm-none-eabi/13.3.1/../../../../arm-none-eabi/lib/thumb/v7e-m+fp/hard\libc_nano.a(libc_a-findfp.o) (__sread)
D:/CUDE/STM32CubeIDE_1.18.1/STM32CubeIDE/plugins/com.st.stm32cube.ide.mcu.externaltools.gnu-tools-for-stm32.13.3.rel1.win32_1.0.0.202411081344/tools/bin/../lib/gcc/arm-none-eabi/13.3.1/../../../../arm-none-eabi/lib/thumb/v7e-m+fp/hard\libc_nano.a(libc_a-memmove.o)
                              ./Core/Src/OLED/oled.o (memmove)
D:/CUDE/STM32CubeIDE_1.18.1/STM32CubeIDE/plugins/com.st.stm32cube.ide.mcu.externaltools.gnu-tools-for-stm32.13.3.rel1.win32_1.0.0.202411081344/tools/bin/../lib/gcc/arm-none-eabi/13.3.1/../../../../arm-none-eabi/lib/thumb/v7e-m+fp/hard\libc_nano.a(libc_a-memset.o)
                              D:/CUDE/STM32CubeIDE_1.18.1/STM32CubeIDE/plugins/com.st.stm32cube.ide.mcu.externaltools.gnu-tools-for-stm32.13.3.rel1.win32_1.0.0.202411081344/tools/bin/../lib/gcc/arm-none-eabi/13.3.1/../../../../arm-none-eabi/lib/thumb/v7e-m+fp/hard/crt0.o (memset)
D:/CUDE/STM32CubeIDE_1.18.1/STM32CubeIDE/plugins/com.st.stm32cube.ide.mcu.externaltools.gnu-tools-for-stm32.13.3.rel1.win32_1.0.0.202411081344/tools/bin/../lib/gcc/arm-none-eabi/13.3.1/../../../../arm-none-eabi/lib/thumb/v7e-m+fp/hard\libc_nano.a(libc_a-closer.o)
                              D:/CUDE/STM32CubeIDE_1.18.1/STM32CubeIDE/plugins/com.st.stm32cube.ide.mcu.externaltools.gnu-tools-for-stm32.13.3.rel1.win32_1.0.0.202411081344/tools/bin/../lib/gcc/arm-none-eabi/13.3.1/../../../../arm-none-eabi/lib/thumb/v7e-m+fp/hard\libc_nano.a(libc_a-stdio.o) (_close_r)
D:/CUDE/STM32CubeIDE_1.18.1/STM32CubeIDE/plugins/com.st.stm32cube.ide.mcu.externaltools.gnu-tools-for-stm32.13.3.rel1.win32_1.0.0.202411081344/tools/bin/../lib/gcc/arm-none-eabi/13.3.1/../../../../arm-none-eabi/lib/thumb/v7e-m+fp/hard\libc_nano.a(libc_a-reent.o)
                              D:/CUDE/STM32CubeIDE_1.18.1/STM32CubeIDE/plugins/com.st.stm32cube.ide.mcu.externaltools.gnu-tools-for-stm32.13.3.rel1.win32_1.0.0.202411081344/tools/bin/../lib/gcc/arm-none-eabi/13.3.1/../../../../arm-none-eabi/lib/thumb/v7e-m+fp/hard\libc_nano.a(libc_a-closer.o) (errno)
D:/CUDE/STM32CubeIDE_1.18.1/STM32CubeIDE/plugins/com.st.stm32cube.ide.mcu.externaltools.gnu-tools-for-stm32.13.3.rel1.win32_1.0.0.202411081344/tools/bin/../lib/gcc/arm-none-eabi/13.3.1/../../../../arm-none-eabi/lib/thumb/v7e-m+fp/hard\libc_nano.a(libc_a-impure.o)
[...]
Memory Configuration

Name             Origin             Length             Attributes
RAM              0x20000000         0x00020000         xrw
FLASH            0x08000000         0x00080000         xr
*default*        0x00000000         0xffffffff

Linker script and memory map

LOAD D:/CUDE/STM32CubeIDE_1.18.1/STM32CubeIDE/plugins/com.st.stm32cube.ide.mcu.externaltools.gnu-tools-for-stm32.13.3.rel1.win32_1.0.0.202411081344/tools/bin/../lib/gcc/arm-none-eabi/13.3.1/thumb/v7e-m+fp/hard/crti.o
LOAD D:/CUDE/STM32CubeIDE_1.18.1/STM32CubeIDE/plugins/com.st.stm32cube.ide.mcu.externaltools.gnu-tools-for-stm32.13.3.rel1.win32_1.0.0.202411081344/tools/bin/../lib/gcc/arm-none-eabi/13.3.1/thumb/v7e-m+fp/hard/crtbegin.o
LOAD D:/CUDE/STM32CubeIDE_1.18.1/STM32CubeIDE/plugins/com.st.stm32cube.ide.mcu.externaltools.gnu-tools-for-stm32.13.3.rel1.win32_1.0.0.202411081344/tools/bin/../lib/gcc/arm-none-eabi/13.3.1/../../../../arm-none-eabi/lib/thumb/v7e-m+fp/hard/crt0.o
LOAD ./Core/Src/ES1642.o
LOAD ./Core/Src/adc.o
LOAD ./Core/Src/dma.o
LOAD ./Core/Src/gpio.o
LOAD ./Core/Src/main.o
LOAD ./Core/Src/status.o
LOAD ./Core/Src/stm32f4xx_hal_msp.o
LOAD ./Core/Src/stm32f4xx_it.o
LOAD ./Core/Src/syscalls.o
LOAD ./Core/Src/sysmem.o
LOAD ./Core/Src/system_stm32f4xx.o
LOAD ./Core/Src/tim.o
LOAD ./Core/Src/usart.o
LOAD ./Core/Src/FlashDrv/FlashDrv.o
LOAD ./Core/Src/OLED/add.o
LOAD ./Core/Src/OLED/delay.o
LOAD ./Core/Src/OLED/oled.o
LOAD ./Core/Src/OLED/oledStatus.o
LOAD ./Core/Startup/startup_stm32f446retx.o
LOAD ./Drivers/STM32F4xx_HAL_Driver/Src/stm32f4xx_hal.o
LOAD ./Drivers/STM32F4xx_HAL_Driver/Src/stm32f4xx_hal_adc.o
LOAD ./Drivers/STM32F4xx_HAL_Driver/Src/stm32f4xx_hal_adc_ex.o
LOAD ./Drivers/STM32F4xx_HAL_Driver/Src/stm32f4xx_hal_cortex.o
LOAD ./Drivers/STM32F4xx_HAL_Driver/Src/stm32f4xx_hal_dma.o
LOAD ./Drivers/STM32F4xx_HAL_Driver/Src/stm32f4xx_hal_dma_ex.o
LOAD ./Drivers/STM32F4xx_HAL_Driver/Src/stm32f4xx_hal_exti.o
LOAD ./Drivers/STM32F4xx_HAL_Driver/Src/stm32f4xx_hal_flash.o
LOAD ./Drivers/STM32F4xx_HAL_Driver/Src/stm32f4xx_hal_flash_ex.o
LOAD ./Drivers/STM32F4xx_HAL_Driver/Src/stm32f4xx_hal_flash_ramfunc.o
LOAD ./Drivers/STM32F4xx_HAL_Driver/Src/stm32f4xx_hal_gpio.o
LOAD ./Drivers/STM32F4xx_HAL_Driver/Src/stm32f4xx_hal_pwr.o
LOAD ./Drivers/STM32F4xx_HAL_Driver/Src/stm32f4xx_hal_pwr_ex.o
LOAD ./Drivers/STM32F4xx_HAL_Driver/Src/stm32f4xx_hal_rcc.o
LOAD ./Drivers/STM32F4xx_HAL_Driver/Src/stm32f4xx_hal_rcc_ex.o
LOAD ./Drivers/STM32F4xx_HAL_Driver/Src/stm32f4xx_hal_tim.o
LOAD ./Drivers/STM32F4xx_HAL_Driver/Src/stm32f4xx_hal_tim_ex.o
LOAD ./Drivers/STM32F4xx_HAL_Driver/Src/stm32f4xx_hal_uart.o
LOAD ./Drivers/STM32F4xx_HAL_Driver/Src/stm32f4xx_ll_adc.o
START GROUP
LOAD D:/CUDE/STM32CubeIDE_1.18.1/STM32CubeIDE/plugins/com.st.stm32cube.ide.mcu.externaltools.gnu-tools-for-stm32.13.3.rel1.win32_1.0.0.202411081344/tools/bin/../lib/gcc/arm-none-eabi/13.3.1/../../../../arm-none-eabi/lib/thumb/v7e-m+fp/hard\libc_nano.a
LOAD D:/CUDE/STM32CubeIDE_1.18.1/STM32CubeIDE/plugins/com.st.stm32cube.ide.mcu.externaltools.gnu-tools-for-stm32.13.3.rel1.win32_1.0.0.202411081344/tools/bin/../lib/gcc/arm-none-eabi/13.3.1/../../../../arm-none-eabi/lib/thumb/v7e-m+fp/hard\libm.a
END GROUP
START GROUP
LOAD D:/CUDE/STM32CubeIDE_1.18.1/STM32CubeIDE/plugins/com.st.stm32cube.ide.mcu.externaltools.gnu-tools-for-stm32.13.3.rel1.win32_1.0.0.202411081344/tools/bin/../lib/gcc/arm-none-eabi/13.3.1/thumb/v7e-m+fp/hard\libgcc.a
LOAD D:/CUDE/STM32CubeIDE_1.18.1/STM32CubeIDE/plugins/com.st.stm32cube.ide.mcu.externaltools.gnu-tools-for-stm32.13.3.rel1.win32_1.0.0.202411081344/tools/bin/../lib/gcc/arm-none-eabi/13.3.1/../../../../arm-none-eabi/lib/thumb/v7e-m+fp/hard\libc_nano.a
END GROUP
START GROUP
LOAD D:/CUDE/STM32CubeIDE_1.18.1/STM32CubeIDE/plugins/com.st.stm32cube.ide.mcu.externaltools.gnu-tools-for-stm32.13.3.rel1.win32_1.0.0.202411081344/tools/bin/../lib/gcc/arm-none-eabi/13.3.1/thumb/v7e-m+fp/hard\libgcc.a
LOAD D:/CUDE/STM32CubeIDE_1.18.1/STM32CubeIDE/plugins/com.st.stm32cube.ide.mcu.externaltools.gnu-tools-for-stm32.13.3.rel1.win32_1.0.0.202411081344/tools/bin/../lib/gcc/arm-none-eabi/13.3.1/../../../../arm-none-eabi/lib/thumb/v7e-m+fp/hard\libc_nano.a
END GROUP
LOAD D:/CUDE/STM32CubeIDE_1.18.1/STM32CubeIDE/plugins/com.st.stm32cube.ide.mcu.externaltools.gnu-tools-for-stm32.13.3.rel1.win32_1.0.0.202411081344/tools/bin/../lib/gcc/arm-none-eabi/13.3.1/thumb/v7e-m+fp/hard/crtend.o
LOAD D:/CUDE/STM32CubeIDE_1.18.1/STM32CubeIDE/plugins/com.st.stm32cube.ide.mcu.externaltools.gnu-tools-for-stm32.13.3.rel1.win32_1.0.0.202411081344/tools/bin/../lib/gcc/arm-none-eabi/13.3.1/thumb/v7e-m+fp/hard/crtn.o
                0x20020000                        _estack = (ORIGIN (RAM) + LENGTH (RAM))
                0x00000200                        _Min_Heap_Size = 0x200
                0x00000400                        _Min_Stack_Size = 0x400

.isr_vector     0x08000000      0x1c4
                0x08000000                        . = ALIGN (0x4)
 *(.isr_vector)
 .isr_vector    0x08000000      0x1c4 ./Core/Startup/startup_stm32f446retx.o
                0x08000000                g_pfnVectors
                0x080001c4                        . = ALIGN (0x4)

.text           0x080001c8     0x45bc
                0x080001c8                        . = ALIGN (0x4)
 *(.text)
 .text          0x080001c8       0x40 D:/CUDE/STM32CubeIDE_1.18.1/STM32CubeIDE/plugins/com.st.stm32cube.ide.mcu.externaltools.gnu-tools-for-stm32.13.3.rel1.win32_1.0.0.202411081344/tools/bin/../lib/gcc/arm-none-eabi/13.3.1/thumb/v7e-m+fp/hard/crtbegin.o
 .text          0x08000208      0x378 D:/CUDE/STM32CubeIDE_1.18.1/STM32CubeIDE/plugins/com.st.stm32cube.ide.mcu.externaltools.gnu-tools-for-stm32.13.3.rel1.win32_1.0.0.202411081344/tools/bin/../lib/gcc/arm-none-eabi/13.3.1/thumb/v7e-m+fp/hard\libgcc.a(_arm_addsubdf3.o)
                0x08000208                __aeabi_drsub
                0x08000210                __aeabi_dsub
                0x08000210                __subdf3
                0x08000214                __aeabi_dadd
                0x08000214                __adddf3
                0x0800048c                __floatunsidf
                0x0800048c                __aeabi_ui2d
                0x080004ac                __floatsidf
                0x080004ac                __aeabi_i2d
                0x080004d0                __aeabi_f2d
                0x080004d0                __extendsfdf2
                0x08000514                __floatundidf
                0x08000514                __aeabi_ul2d
                0x08000524                __floatdidf
                0x08000524                __aeabi_l2d
 .text          0x08000580      0x424 D:/CUDE/STM32CubeIDE_1.18.1/STM32CubeIDE/plugins/com.st.stm32cube.ide.mcu.externaltools.gnu-tools-for-stm32.13.3.rel1.win32_1.0.0.202411081344/tools/bin/../lib/gcc/arm-none-eabi/13.3.1/thumb/v7e-m+fp/hard\libgcc.a(_arm_muldivdf3.o)
                0x08000580                __aeabi_dmul
                0x08000580                __muldf3
                0x080007d4                __divdf3
                0x080007d4                __aeabi_ddiv
 .text          0x080009a4      0x110 D:/CUDE/STM32CubeIDE_1.18.1/STM32CubeIDE/plugins/com.st.stm32cube.ide.mcu.externaltools.gnu-tools-for-stm32.13.3.rel1.win32_1.0.0.202411081344/tools/bin/../lib/gcc/arm-none-eabi/13.3.1/thumb/v7e-m+fp/hard\libgcc.a(_arm_cmpdf2.o)
                0x080009a4                __gtdf2
                0x080009a4                __gedf2
                0x080009ac                __ltdf2
                0x080009ac                __ledf2
                0x080009b4                __nedf2
                0x080009b4                __eqdf2
                0x080009b4                __cmpdf2
                0x08000a30                __aeabi_cdrcmple
                0x08000a40                __aeabi_cdcmpeq
                0x08000a40                __aeabi_cdcmple
                0x08000a50                __aeabi_dcmpeq
                0x08000a64                __aeabi_dcmplt
                0x08000a78                __aeabi_dcmple
                0x08000a8c                __aeabi_dcmpge
                0x08000aa0                __aeabi_dcmpgt
 .text          0x08000ab4       0xa0 D:/CUDE/STM32CubeIDE_1.18.1/STM32CubeIDE/plugins/com.st.stm32cube.ide.mcu.externaltools.gnu-tools-for-stm32.13.3.rel1.win32_1.0.0.202411081344/tools/bin/../lib/gcc/arm-none-eabi/13.3.1/thumb/v7e-m+fp/hard\libgcc.a(_arm_truncdfsf2.o)
                0x08000ab4                __truncdfsf2
                0x08000ab4                __aeabi_d2f
 .text          0x08000b54       0x30 D:/CUDE/STM32CubeIDE_1.18.1/STM32CubeIDE/plugins/com.st.stm32cube.ide.mcu.externaltools.gnu-tools-for-stm32.13.3.rel1.win32_1.0.0.202411081344/tools/bin/../lib/gcc/arm-none-eabi/13.3.1/thumb/v7e-m+fp/hard\libgcc.a(_aeabi_uldivmod.o)
                0x08000b54                __aeabi_uldivmod
 .text          0x08000b84      0x2f8 D:/CUDE/STM32CubeIDE_1.18.1/STM32CubeIDE/plugins/com.st.stm32cube.ide.mcu.externaltools.gnu-tools-for-stm32.13.3.rel1.win32_1.0.0.202411081344/tools/bin/../lib/gcc/arm-none-eabi/13.3.1/thumb/v7e-m+fp/hard\libgcc.a(_udivmoddi4.o)
                0x08000b84                __udivmoddi4
 .text          0x08000e7c        0x4 D:/CUDE/STM32CubeIDE_1.18.1/STM32CubeIDE/plugins/com.st.stm32cube.ide.mcu.externaltools.gnu-tools-for-stm32.13.3.rel1.win32_1.0.0.202411081344/tools/bin/../lib/gcc/arm-none-eabi/13.3.1/thumb/v7e-m+fp/hard\libgcc.a(_dvmd_tls.o)
                0x08000e7c                __aeabi_idiv0
                0x08000e7c                __aeabi_ldiv0
 *(.text*)
 .text.calculate_checksum
                0x08000e80       0x16 ./Core/Src/ES1642.o
                0x08000e80                calculate_checksum
 .text.calculate_xor
                0x08000e96       0x14 ./Core/Src/ES1642.o
                0x08000e96                calculate_xor
 .text.build_data_frame
                0x08000eaa       0x86 ./Core/Src/ES1642.o
                0x08000eaa                build_data_frame
 .text.parse_received_data_frame
                0x08000f30       0x8a ./Core/Src/ES1642.o
                0x08000f30                parse_received_data_frame
 *fill*         0x08000fba        0x2 
 .text.MX_ADC1_Init
                0x08000fbc       0xcc ./Core/Src/adc.o
                0x08000fbc                MX_ADC1_Init
 .text.HAL_ADC_MspInit
                0x08001088       0xa8 ./Core/Src/adc.o
                0x08001088                HAL_ADC_MspInit
 .text.MX_DMA_Init
                0x08001130       0x94 ./Core/Src/dma.o
                0x08001130                MX_DMA_Init
 .text.MX_GPIO_Init
                0x080011c4       0xd0 ./Core/Src/gpio.o
                0x080011c4                MX_GPIO_Init
 .text.SystemClock_Config
                0x08001294       0xa8 ./Core/Src/main.o
                0x08001294                SystemClock_Config
 .text.startup.main
                0x0800133c      0x120 ./Core/Src/main.o
                0x0800133c                main
 .text.Error_Handler
                0x0800145c        0x4 ./Core/Src/main.o
                0x0800145c                Error_Handler
 .text.StateMachine_OPEN
                0x08001460       0x34 ./Core/Src/status.o
                0x08001460                StateMachine_OPEN
 .text.StateMachine_OFF
                0x08001494       0x30 ./Core/Src/status.o
                0x08001494                StateMachine_OFF
 .text.StateMachine_alive_test
                0x080014c4       0x18 ./Core/Src/status.o
                0x080014c4                StateMachine_alive_test
 .text.StateMachine_timer1_test
                0x080014dc       0x24 ./Core/Src/status.o
                0x080014dc                StateMachine_timer1_test
 .text.StateMachine_messure
                0x08001500       0xcc ./Core/Src/status.o
                0x08001500                StateMachine_messure
 .text.StateMachine_BT_cnt_add
                0x080015cc       0x14 ./Core/Src/status.o
                0x080015cc                StateMachine_BT_cnt_add
 .text.StateMachine_remote_check
                0x080015e0       0x50 ./Core/Src/status.o
                0x080015e0                StateMachine_remote_check
 .text.StateMachine_auto_start
                0x08001630       0x44 ./Core/Src/status.o
                0x08001630                StateMachine_auto_start
 .text.StateMachine_vin_low_protect
                0x08001674       0x2c ./Core/Src/status.o
                0x08001674                StateMachine_vin_low_protect
 .text.StateMachine_preload_protect
                0x080016a0       0xf8 ./Core/Src/status.o
                0x080016a0                StateMachine_preload_protect
 .text.StateMachine_overcurrent_protect
                0x08001798       0xd4 ./Core/Src/status.o
                0x08001798                StateMachine_overcurrent_protect
 .text.StateMachine_fans_speed
                0x0800186c       0x90 ./Core/Src/status.o
                0x0800186c                StateMachine_fans_speed
 .text.StateMachine_wait_stable
                0x080018fc       0x18 ./Core/Src/status.o
                0x080018fc                StateMachine_wait_stable
 .text.Flash_ReadStateMachine
                0x08001914       0x28 ./Core/Src/status.o
                0x08001914                Flash_ReadStateMachine
 .text.StateMachine_Init
                0x0800193c       0xdc ./Core/Src/status.o
                0x0800193c                StateMachine_Init
 .text.HAL_MspInit
                0x08001a18       0x38 ./Core/Src/stm32f4xx_hal_msp.o
                0x08001a18                HAL_MspInit
 .text.NMI_Handler
                0x08001a50        0x2 ./Core/Src/stm32f4xx_it.o
                0x08001a50                NMI_Handler
 .text.HardFault_Handler
                0x08001a52        0x2 ./Core/Src/stm32f4xx_it.o
                0x08001a52                HardFault_Handler
 .text.MemManage_Handler
                0x08001a54        0x2 ./Core/Src/stm32f4xx_it.o
                0x08001a54                MemManage_Handler
 .text.BusFault_Handler
                0x08001a56        0x2 ./Core/Src/stm32f4xx_it.o
                0x08001a56                BusFault_Handler
 .text.UsageFault_Handler
                0x08001a58        0x2 ./Core/Src/stm32f4xx_it.o
                0x08001a58                UsageFault_Handler
 .text.SVC_Handler
                0x08001a5a        0x2 ./Core/Src/stm32f4xx_it.o
                0x08001a5a                SVC_Handler
 .text.DebugMon_Handler
                0x08001a5c        0x2 ./Core/Src/stm32f4xx_it.o
                0x08001a5c                DebugMon_Handler
 .text.PendSV_Handler
                0x08001a5e        0x2 ./Core/Src/stm32f4xx_it.o
                0x08001a5e                PendSV_Handler
 .text.SysTick_Handler
                0x08001a60       0x40 ./Core/Src/stm32f4xx_it.o
                0x08001a60                SysTick_Handler
 .text.TIM1_UP_TIM10_IRQHandler
                0x08001aa0        0xc ./Core/Src/stm32f4xx_it.o
                0x08001aa0                TIM1_UP_TIM10_IRQHandler
 .text.USART1_IRQHandler
                0x08001aac        0xc ./Core/Src/stm32f4xx_it.o
                0x08001aac                USART1_IRQHandler
 .text.TIM3_IRQHandler
                0x08001ab8        0xc ./Core/Src/stm32f4xx_it.o
                0x08001ab8                TIM3_IRQHandler
 .text.USART3_IRQHandler
                0x08001ac4        0xc ./Core/Src/stm32f4xx_it.o
                0x08001ac4                USART3_IRQHandler
 .text.DMA2_Stream2_IRQHandler
                0x08001ad0        0xc ./Core/Src/stm32f4xx_it.o
                0x08001ad0                DMA2_Stream2_IRQHandler
 .text.DMA2_Stream4_IRQHandler
                0x08001adc        0xc ./Core/Src/stm32f4xx_it.o
                0x08001adc                DMA2_Stream4_IRQHandler
 .text.DMA2_Stream7_IRQHandler
                0x08001ae8        0xc ./Core/Src/stm32f4xx_it.o
                0x08001ae8                DMA2_Stream7_IRQHandler
 .text.HAL_TIM_PeriodElapsedCallback
                0x08001af4       0xec ./Core/Src/stm32f4xx_it.o
                0x08001af4                HAL_TIM_PeriodElapsedCallback
 .text.HAL_UART_RxCpltCallback
                0x08001be0       0x54 ./Core/Src/stm32f4xx_it.o
                0x08001be0                HAL_UART_RxCpltCallback
 .text.SystemInit
                0x08001c34       0x14 ./Core/Src/system_stm32f4xx.o
                0x08001c34                SystemInit
 .text.MX_TIM1_Init
                0x08001c48       0x6c ./Core/Src/tim.o
                0x08001c48                MX_TIM1_Init
 .text.MX_TIM3_Init
                0x08001cb4       0x68 ./Core/Src/tim.o
                0x08001cb4                MX_TIM3_Init
 .text.HAL_TIM_Base_MspInit
                0x08001d1c       0x74 ./Core/Src/tim.o
                0x08001d1c                HAL_TIM_Base_MspInit
 .text.HAL_TIM_PWM_MspInit
                0x08001d90       0x2c ./Core/Src/tim.o
                0x08001d90                HAL_TIM_PWM_MspInit
 .text.HAL_TIM_MspPostInit
                0x08001dbc       0x54 ./Core/Src/tim.o
                0x08001dbc                HAL_TIM_MspPostInit
 .text.MX_TIM2_Init
                0x08001e10       0x88 ./Core/Src/tim.o
                0x08001e10                MX_TIM2_Init
 .text.Temp_PWM_Control
                0x08001e98      0x2e4 ./Core/Src/tim.o
                0x08001e98                Temp_PWM_Control
 .text.MX_USART1_UART_Init
                0x0800217c       0x38 ./Core/Src/usart.o
                0x0800217c                MX_USART1_UART_Init
 .text.MX_USART3_UART_Init
                0x080021b4       0x40 ./Core/Src/usart.o
                0x080021b4                MX_USART3_UART_Init
 .text.HAL_UART_MspInit
                0x080021f4      0x168 ./Core/Src/usart.o
                0x080021f4                HAL_UART_MspInit
 .text.FlashDrv_read
                0x0800235c       0x14 ./Core/Src/FlashDrv/FlashDrv.o
                0x0800235c                FlashDrv_read
 .text.delay_init
                0x08002370       0x1c ./Core/Src/OLED/delay.o
                0x08002370                delay_init
 .text.delay_ms
                0x0800238c        0x4 ./Core/Src/OLED/delay.o
                0x0800238c                delay_ms
 .text.I2C_Start
                0x08002390       0x34 ./Core/Src/OLED/oled.o
                0x08002390                I2C_Start
 .text.I2C_Stop
                0x080023c4       0x2c ./Core/Src/OLED/oled.o
                0x080023c4                I2C_Stop
 .text.I2C_WaitAck
                0x080023f0       0x2c ./Core/Src/OLED/oled.o
                0x080023f0                I2C_WaitAck
 .text.Send_Byte
                0x0800241c       0x40 ./Core/Src/OLED/oled.o
                0x0800241c                Send_Byte
 .text.OLED_WR_Byte
                0x0800245c       0x36 ./Core/Src/OLED/oled.o
                0x0800245c                OLED_WR_Byte
 .text.OLED_ColorTurn
                0x08002492       0x16 ./Core/Src/OLED/oled.o
                0x08002492                OLED_ColorTurn
 .text.OLED_DisplayTurn
                0x080024a8       0x2e ./Core/Src/OLED/oled.o
                0x080024a8                OLED_DisplayTurn
 *fill*         0x080024d6        0x2 
 .text.OLED_Refresh
                0x080024d8       0x60 ./Core/Src/OLED/oled.o
                0x080024d8                OLED_Refresh
 .text.OLED_Clear
                0x08002538       0x28 ./Core/Src/OLED/oled.o
                0x08002538                OLED_Clear
 .text.OLED_Init
                0x08002560       0xfc ./Core/Src/OLED/oled.o
                0x08002560                OLED_Init
 .text.OLEDStatus_debounce_cnt_increase
                0x0800265c       0xb8 ./Core/Src/OLED/oledStatus.o
                0x0800265c                OLEDStatus_debounce_cnt_increase
 .text.Reset_Handler
                0x08002714       0x50 ./Core/Startup/startup_stm32f446retx.o
                0x08002714                Reset_Handler
 .text.Default_Handler
                0x08002764        0x2 ./Core/Startup/startup_stm32f446retx.o
                0x08002764                RTC_Alarm_IRQHandler
                0x08002764                EXTI2_IRQHandler
                0x08002764                TIM8_CC_IRQHandler
                0x08002764                FMPI2C1_EV_IRQHandler
                0x08002764                SPI4_IRQHandler
                0x08002764                TIM1_CC_IRQHandler
                0x08002764                DMA2_Stream5_IRQHandler
                0x08002764                DMA1_Stream5_IRQHandler
                0x08002764                PVD_IRQHandler
                0x08002764                SDIO_IRQHandler
                0x08002764                TAMP_STAMP_IRQHandler
                0x08002764                CAN2_RX1_IRQHandler
                0x08002764                EXTI3_IRQHandler
                0x08002764                TIM8_TRG_COM_TIM14_IRQHandler
                0x08002764                TIM8_UP_TIM13_IRQHandler
                0x08002764                I2C3_ER_IRQHandler
                0x08002764                EXTI0_IRQHandler
                0x08002764                I2C2_EV_IRQHandler
                0x08002764                DMA1_Stream2_IRQHandler
                0x08002764                CAN1_RX0_IRQHandler
                0x08002764                FPU_IRQHandler
                0x08002764                OTG_HS_WKUP_IRQHandler
                0x08002764                CAN2_SCE_IRQHandler
                0x08002764                SPI1_IRQHandler
                0x08002764                TIM6_DAC_IRQHandler
                0x08002764                TIM1_BRK_TIM9_IRQHandler
                0x08002764                DCMI_IRQHandler
                0x08002764                CAN2_RX0_IRQHandler
                0x08002764                DMA2_Stream3_IRQHandler
                0x08002764                SAI2_IRQHandler
                0x08002764                USART6_IRQHandler
                0x08002764                CAN1_RX1_IRQHandler
                0x08002764                UART5_IRQHandler
                0x08002764                DMA2_Stream0_IRQHandler
                0x08002764                TIM4_IRQHandler
                0x08002764                QUADSPI_IRQHandler
                0x08002764                I2C1_EV_IRQHandler
                0x08002764                DMA1_Stream6_IRQHandler
                0x08002764                DMA1_Stream1_IRQHandler
                0x08002764                UART4_IRQHandler
                0x08002764                RCC_IRQHandler
                0x08002764                TIM8_BRK_TIM12_IRQHandler
                0x08002764                Default_Handler
                0x08002764                CEC_IRQHandler
                0x08002764                EXTI15_10_IRQHandler
                0x08002764                ADC_IRQHandler
                0x08002764                DMA1_Stream7_IRQHandler
                0x08002764                TIM7_IRQHandler
                0x08002764                CAN2_TX_IRQHandler
                0x08002764                TIM5_IRQHandler
                0x08002764                I2C3_EV_IRQHandler
                0x08002764                EXTI9_5_IRQHandler
                0x08002764                RTC_WKUP_IRQHandler
                0x08002764                SPDIF_RX_IRQHandler
                0x08002764                SPI2_IRQHandler
                0x08002764                OTG_HS_EP1_IN_IRQHandler
                0x08002764                DMA1_Stream0_IRQHandler
                0x08002764                CAN1_TX_IRQHandler
                0x08002764                FMPI2C1_ER_IRQHandler
                0x08002764                EXTI4_IRQHandler
                0x08002764                OTG_HS_EP1_OUT_IRQHandler
                0x08002764                WWDG_IRQHandler
                0x08002764                TIM2_IRQHandler
                0x08002764                OTG_FS_WKUP_IRQHandler
                0x08002764                TIM1_TRG_COM_TIM11_IRQHandler
                0x08002764                OTG_HS_IRQHandler
                0x08002764                EXTI1_IRQHandler
                0x08002764                USART2_IRQHandler
                0x08002764                I2C2_ER_IRQHandler
                0x08002764                DMA2_Stream1_IRQHandler
                0x08002764                CAN1_SCE_IRQHandler
                0x08002764                FLASH_IRQHandler
                0x08002764                OTG_FS_IRQHandler
                0x08002764                SPI3_IRQHandler
                0x08002764                DMA1_Stream4_IRQHandler
                0x08002764                I2C1_ER_IRQHandler
                0x08002764                FMC_IRQHandler
                0x08002764                DMA2_Stream6_IRQHandler
                0x08002764                SAI1_IRQHandler
                0x08002764                DMA1_Stream3_IRQHandler
 *fill*         0x08002766        0x2 
 .text.HAL_InitTick
                0x08002768       0x48 ./Drivers/STM32F4xx_HAL_Driver/Src/stm32f4xx_hal.o
                0x08002768                HAL_InitTick
 .text.HAL_Init
                0x080027b0       0x34 ./Drivers/STM32F4xx_HAL_Driver/Src/stm32f4xx_hal.o
                0x080027b0                HAL_Init
 .text.HAL_IncTick
                0x080027e4       0x18 ./Drivers/STM32F4xx_HAL_Driver/Src/stm32f4xx_hal.o
                0x080027e4                HAL_IncTick
 .text.HAL_GetTick
                0x080027fc        0xc ./Drivers/STM32F4xx_HAL_Driver/Src/stm32f4xx_hal.o
                0x080027fc                HAL_GetTick
 .text.HAL_Delay
                0x08002808       0x28 ./Drivers/STM32F4xx_HAL_Driver/Src/stm32f4xx_hal.o
                0x08002808                HAL_Delay
 .text.HAL_ADC_Init
                0x08002830      0x14c ./Drivers/STM32F4xx_HAL_Driver/Src/stm32f4xx_hal_adc.o
                0x08002830                HAL_ADC_Init
 .text.HAL_ADC_Start_DMA
                0x0800297c      0x148 ./Drivers/STM32F4xx_HAL_Driver/Src/stm32f4xx_hal_adc.o
                0x0800297c                HAL_ADC_Start_DMA
 .text.HAL_ADC_ConvCpltCallback
                0x08002ac4        0x2 ./Drivers/STM32F4xx_HAL_Driver/Src/stm32f4xx_hal_adc.o
                0x08002ac4                HAL_ADC_ConvCpltCallback
 .text.HAL_ADC_ConvHalfCpltCallback
                0x08002ac6        0x2 ./Drivers/STM32F4xx_HAL_Driver/Src/stm32f4xx_hal_adc.o
                0x08002ac6                HAL_ADC_ConvHalfCpltCallback
 .text.ADC_DMAHalfConvCplt
                0x08002ac8        0xa ./Drivers/STM32F4xx_HAL_Driver/Src/stm32f4xx_hal_adc.o
 .text.HAL_ADC_ErrorCallback
                0x08002ad2        0x2 ./Drivers/STM32F4xx_HAL_Driver/Src/stm32f4xx_hal_adc.o
                0x08002ad2                HAL_ADC_ErrorCallback
 .text.ADC_DMAError
                0x08002ad4       0x16 ./Drivers/STM32F4xx_HAL_Driver/Src/stm32f4xx_hal_adc.o
 .text.ADC_DMAConvCplt
                0x08002aea       0x6c ./Drivers/STM32F4xx_HAL_Driver/Src/stm32f4xx_hal_adc.o
 *fill*         0x08002b56        0x2 
 .text.HAL_ADC_ConfigChannel
                0x08002b58      0x138 ./Drivers/STM32F4xx_HAL_Driver/Src/stm32f4xx_hal_adc.o
                0x08002b58                HAL_ADC_ConfigChannel
 .text.HAL_NVIC_SetPriorityGrouping
                0x08002c90       0x24 ./Drivers/STM32F4xx_HAL_Driver/Src/stm32f4xx_hal_cortex.o
                0x08002c90                HAL_NVIC_SetPriorityGrouping
 .text.HAL_NVIC_SetPriority
                0x08002cb4       0x64 ./Drivers/STM32F4xx_HAL_Driver/Src/stm32f4xx_hal_cortex.o
                0x08002cb4                HAL_NVIC_SetPriority
 .text.HAL_NVIC_EnableIRQ
                0x08002d18       0x1c ./Drivers/STM32F4xx_HAL_Driver/Src/stm32f4xx_hal_cortex.o
                0x08002d18                HAL_NVIC_EnableIRQ
 .text.HAL_SYSTICK_Config
                0x08002d34       0x28 ./Drivers/STM32F4xx_HAL_Driver/Src/stm32f4xx_hal_cortex.o
                0x08002d34                HAL_SYSTICK_Config
 .text.DMA_CalcBaseAndBitshift
                0x08002d5c       0x2c ./Drivers/STM32F4xx_HAL_Driver/Src/stm32f4xx_hal_dma.o
 .text.HAL_DMA_Init
                0x08002d88       0xfc ./Drivers/STM32F4xx_HAL_Driver/Src/stm32f4xx_hal_dma.o
                0x08002d88                HAL_DMA_Init
 .text.HAL_DMA_Start_IT
                0x08002e84       0x72 ./Drivers/STM32F4xx_HAL_Driver/Src/stm32f4xx_hal_dma.o
                0x08002e84                HAL_DMA_Start_IT
 .text.HAL_DMA_Abort
                0x08002ef6       0x7c ./Drivers/STM32F4xx_HAL_Driver/Src/stm32f4xx_hal_dma.o
                0x08002ef6                HAL_DMA_Abort
 .text.HAL_DMA_Abort_IT
                0x08002f72       0x24 ./Drivers/STM32F4xx_HAL_Driver/Src/stm32f4xx_hal_dma.o
                0x08002f72                HAL_DMA_Abort_IT
 *fill*         0x08002f96        0x2 
 .text.HAL_DMA_IRQHandler
                0x08002f98      0x17c ./Drivers/STM32F4xx_HAL_Driver/Src/stm32f4xx_hal_dma.o
                0x08002f98                HAL_DMA_IRQHandler
 .text.HAL_GPIO_Init
                0x08003114      0x1a4 ./Drivers/STM32F4xx_HAL_Driver/Src/stm32f4xx_hal_gpio.o
                0x08003114                HAL_GPIO_Init
 .text.HAL_GPIO_ReadPin
                0x080032b8        0xc ./Drivers/STM32F4xx_HAL_Driver/Src/stm32f4xx_hal_gpio.o
                0x080032b8                HAL_GPIO_ReadPin
 .text.HAL_GPIO_WritePin
                0x080032c4        0xa ./Drivers/STM32F4xx_HAL_Driver/Src/stm32f4xx_hal_gpio.o
                0x080032c4                HAL_GPIO_WritePin
 .text.HAL_GPIO_TogglePin
                0x080032ce       0x12 ./Drivers/STM32F4xx_HAL_Driver/Src/stm32f4xx_hal_gpio.o
                0x080032ce                HAL_GPIO_TogglePin
 .text.HAL_PWREx_EnableOverDrive
                0x080032e0       0x74 ./Drivers/STM32F4xx_HAL_Driver/Src/stm32f4xx_hal_pwr_ex.o
                0x080032e0                HAL_PWREx_EnableOverDrive
 .text.HAL_RCC_ClockConfig
                0x08003354      0x134 ./Drivers/STM32F4xx_HAL_Driver/Src/stm32f4xx_hal_rcc.o
                0x08003354                HAL_RCC_ClockConfig
 .text.HAL_RCC_GetPCLK1Freq
                0x08003488       0x20 ./Drivers/STM32F4xx_HAL_Driver/Src/stm32f4xx_hal_rcc.o
                0x08003488                HAL_RCC_GetPCLK1Freq
 .text.HAL_RCC_GetPCLK2Freq
                0x080034a8       0x20 ./Drivers/STM32F4xx_HAL_Driver/Src/stm32f4xx_hal_rcc.o
                0x080034a8                HAL_RCC_GetPCLK2Freq
 .text.HAL_RCC_GetSysClockFreq
                0x080034c8       0x90 ./Drivers/STM32F4xx_HAL_Driver/Src/stm32f4xx_hal_rcc_ex.o
                0x080034c8                HAL_RCC_GetSysClockFreq
 .text.HAL_RCC_OscConfig
                0x08003558      0x39c ./Drivers/STM32F4xx_HAL_Driver/Src/stm32f4xx_hal_rcc_ex.o
                0x08003558                HAL_RCC_OscConfig
 .text.TIM_OC1_SetConfig
                0x080038f4       0x58 ./Drivers/STM32F4xx_HAL_Driver/Src/stm32f4xx_hal_tim.o
 .text.TIM_OC3_SetConfig
                0x0800394c       0x5c ./Drivers/STM32F4xx_HAL_Driver/Src/stm32f4xx_hal_tim.o
 .text.TIM_OC4_SetConfig
                0x080039a8       0x4c ./Drivers/STM32F4xx_HAL_Driver/Src/stm32f4xx_hal_tim.o
 .text.HAL_TIM_Base_Start_IT
                0x080039f4       0x74 ./Drivers/STM32F4xx_HAL_Driver/Src/stm32f4xx_hal_tim.o
                0x080039f4                HAL_TIM_Base_Start_IT
 .text.HAL_TIM_OC_DelayElapsedCallback
                0x08003a68        0x2 ./Drivers/STM32F4xx_HAL_Driver/Src/stm32f4xx_hal_tim.o
                0x08003a68                HAL_TIM_OC_DelayElapsedCallback
 .text.HAL_TIM_IC_CaptureCallback
                0x08003a6a        0x2 ./Drivers/STM32F4xx_HAL_Driver/Src/stm32f4xx_hal_tim.o
                0x08003a6a                HAL_TIM_IC_CaptureCallback
 .text.HAL_TIM_PWM_PulseFinishedCallback
                0x08003a6c        0x2 ./Drivers/STM32F4xx_HAL_Driver/Src/stm32f4xx_hal_tim.o
                0x08003a6c                HAL_TIM_PWM_PulseFinishedCallback
 .text.HAL_TIM_TriggerCallback
                0x08003a6e        0x2 ./Drivers/STM32F4xx_HAL_Driver/Src/stm32f4xx_hal_tim.o
                0x08003a6e                HAL_TIM_TriggerCallback
 .text.HAL_TIM_IRQHandler
                0x08003a70      0x144 ./Drivers/STM32F4xx_HAL_Driver/Src/stm32f4xx_hal_tim.o
                0x08003a70                HAL_TIM_IRQHandler
 .text.TIM_Base_SetConfig
                0x08003bb4       0xa0 ./Drivers/STM32F4xx_HAL_Driver/Src/stm32f4xx_hal_tim.o
                0x08003bb4                TIM_Base_SetConfig
 .text.HAL_TIM_Base_Init
                0x08003c54       0x58 ./Drivers/STM32F4xx_HAL_Driver/Src/stm32f4xx_hal_tim.o
                0x08003c54                HAL_TIM_Base_Init
 .text.HAL_TIM_PWM_Init
                0x08003cac       0x58 ./Drivers/STM32F4xx_HAL_Driver/Src/stm32f4xx_hal_tim.o
                0x08003cac                HAL_TIM_PWM_Init
 .text.TIM_OC2_SetConfig
                0x08003d04       0x60 ./Drivers/STM32F4xx_HAL_Driver/Src/stm32f4xx_hal_tim.o
                0x08003d04                TIM_OC2_SetConfig
 .text.HAL_TIM_PWM_ConfigChannel
                0x08003d64       0xb0 ./Drivers/STM32F4xx_HAL_Driver/Src/stm32f4xx_hal_tim.o
                0x08003d64                HAL_TIM_PWM_ConfigChannel
 .text.TIM_ETR_SetConfig
                0x08003e14       0x14 ./Drivers/STM32F4xx_HAL_Driver/Src/stm32f4xx_hal_tim.o
                0x08003e14                TIM_ETR_SetConfig
 .text.HAL_TIM_ConfigClockSource
                0x08003e28      0x132 ./Drivers/STM32F4xx_HAL_Driver/Src/stm32f4xx_hal_tim.o
                0x08003e28                HAL_TIM_ConfigClockSource
 .text.TIM_CCxChannelCmd
                0x08003f5a       0x1c ./Drivers/STM32F4xx_HAL_Driver/Src/stm32f4xx_hal_tim.o
                0x08003f5a                TIM_CCxChannelCmd
 *fill*         0x08003f76        0x2 
 .text.HAL_TIM_OC_Start
                0x08003f78       0xbc ./Drivers/STM32F4xx_HAL_Driver/Src/stm32f4xx_hal_tim.o
                0x08003f78                HAL_TIM_OC_Start
 .text.HAL_TIM_PWM_Start
                0x08004034        0x4 ./Drivers/STM32F4xx_HAL_Driver/Src/stm32f4xx_hal_tim.o
                0x08004034                HAL_TIM_PWM_Start
 .text.HAL_TIMEx_MasterConfigSynchronization
                0x08004038       0x7c ./Drivers/STM32F4xx_HAL_Driver/Src/stm32f4xx_hal_tim_ex.o
                0x08004038                HAL_TIMEx_MasterConfigSynchronization
 .text.HAL_TIMEx_CommutCallback
                0x080040b4        0x2 ./Drivers/STM32F4xx_HAL_Driver/Src/stm32f4xx_hal_tim_ex.o
                0x080040b4                HAL_TIMEx_CommutCallback
 .text.HAL_TIMEx_BreakCallback
                0x080040b6        0x2 ./Drivers/STM32F4xx_HAL_Driver/Src/stm32f4xx_hal_tim_ex.o
                0x080040b6                HAL_TIMEx_BreakCallback
 .text.UART_EndRxTransfer
                0x080040b8       0x5c ./Drivers/STM32F4xx_HAL_Driver/Src/stm32f4xx_hal_uart.o
 .text.UART_SetConfig
                0x08004114       0xbc ./Drivers/STM32F4xx_HAL_Driver/Src/stm32f4xx_hal_uart.o
 .text.UART_WaitOnFlagUntilTimeout.constprop.0
                0x080041d0       0x6c ./Drivers/STM32F4xx_HAL_Driver/Src/stm32f4xx_hal_uart.o
 .text.HAL_UART_Init
                0x0800423c       0x5c ./Drivers/STM32F4xx_HAL_Driver/Src/stm32f4xx_hal_uart.o
                0x0800423c                HAL_UART_Init
 .text.HAL_UART_Transmit
                0x08004298       0xaa ./Drivers/STM32F4xx_HAL_Driver/Src/stm32f4xx_hal_uart.o
                0x08004298                HAL_UART_Transmit
 .text.HAL_UART_TxCpltCallback
                0x08004342        0x2 ./Drivers/STM32F4xx_HAL_Driver/Src/stm32f4xx_hal_uart.o
                0x08004342                HAL_UART_TxCpltCallback
 .text.HAL_UART_ErrorCallback
                0x08004344        0x2 ./Drivers/STM32F4xx_HAL_Driver/Src/stm32f4xx_hal_uart.o
                0x08004344                HAL_UART_ErrorCallback
 .text.UART_DMAAbortOnError
                0x08004346       0x10 ./Drivers/STM32F4xx_HAL_Driver/Src/stm32f4xx_hal_uart.o
 .text.HAL_UARTEx_RxEventCallback
                0x08004356        0x2 ./Drivers/STM32F4xx_HAL_Driver/Src/stm32f4xx_hal_uart.o
                0x08004356                HAL_UARTEx_RxEventCallback
 .text.UART_Receive_IT.isra.0
                0x08004358       0xb4 ./Drivers/STM32F4xx_HAL_Driver/Src/stm32f4xx_hal_uart.o
 .text.HAL_UART_IRQHandler
                0x0800440c      0x28c ./Drivers/STM32F4xx_HAL_Driver/Src/stm32f4xx_hal_uart.o
                0x0800440c                HAL_UART_IRQHandler
 .text.UART_Start_Receive_IT
                0x08004698       0x36 ./Drivers/STM32F4xx_HAL_Driver/Src/stm32f4xx_hal_uart.o
                0x08004698                UART_Start_Receive_IT
 .text.HAL_UART_Receive_IT
                0x080046ce       0x2a ./Drivers/STM32F4xx_HAL_Driver/Src/stm32f4xx_hal_uart.o
                0x080046ce                HAL_UART_Receive_IT
 .text.memset   0x080046f8       0x10 D:/CUDE/STM32CubeIDE_1.18.1/STM32CubeIDE/plugins/com.st.stm32cube.ide.mcu.externaltools.gnu-tools-for-stm32.13.3.rel1.win32_1.0.0.202411081344/tools/bin/../lib/gcc/arm-none-eabi/13.3.1/../../../../arm-none-eabi/lib/thumb/v7e-m+fp/hard\libc_nano.a(libc_a-memset.o)
                0x080046f8                memset
 .text.__libc_init_array
                0x08004708       0x48 D:/CUDE/STM32CubeIDE_1.18.1/STM32CubeIDE/plugins/com.st.stm32cube.ide.mcu.externaltools.gnu-tools-for-stm32.13.3.rel1.win32_1.0.0.202411081344/tools/bin/../lib/gcc/arm-none-eabi/13.3.1/../../../../arm-none-eabi/lib/thumb/v7e-m+fp/hard\libc_nano.a(libc_a-init.o)
                0x08004708                __libc_init_array
 .text.memcpy   0x08004750       0x1c D:/CUDE/STM32CubeIDE_1.18.1/STM32CubeIDE/plugins/com.st.stm32cube.ide.mcu.externaltools.gnu-tools-for-stm32.13.3.rel1.win32_1.0.0.202411081344/tools/bin/../lib/gcc/arm-none-eabi/13.3.1/../../../../arm-none-eabi/lib/thumb/v7e-m+fp/hard\libc_nano.a(libc_a-memcpy-stub.o)
                0x08004750                memcpy
 *(.glue_7)
 .glue_7        0x0800476c        0x0 linker stubs
 *(.glue_7t)
 .glue_7t       0x0800476c        0x0 linker stubs
 *(.eh_frame)
 .eh_frame      0x0800476c        0x0 D:/CUDE/STM32CubeIDE_1.18.1/STM32CubeIDE/plugins/com.st.stm32cube.ide.mcu.externaltools.gnu-tools-for-stm32.13.3.rel1.win32_1.0.0.202411081344/tools/bin/../lib/gcc/arm-none-eabi/13.3.1/thumb/v7e-m+fp/hard/crtbegin.o
 *(.init)
 .init          0x0800476c        0x4 D:/CUDE/STM32CubeIDE_1.18.1/STM32CubeIDE/plugins/com.st.stm32cube.ide.mcu.externaltools.gnu-tools-for-stm32.13.3.rel1.win32_1.0.0.202411081344/tools/bin/../lib/gcc/arm-none-eabi/13.3.1/thumb/v7e-m+fp/hard/crti.o
                0x0800476c                _init
 .init          0x08004770        0x8 D:/CUDE/STM32CubeIDE_1.18.1/STM32CubeIDE/plugins/com.st.stm32cube.ide.mcu.externaltools.gnu-tools-for-stm32.13.3.rel1.win32_1.0.0.202411081344/tools/bin/../lib/gcc/arm-none-eabi/13.3.1/thumb/v7e-m+fp/hard/crtn.o
 *(.fini)
 .fini          0x08004778        0x4 D:/CUDE/STM32CubeIDE_1.18.1/STM32CubeIDE/plugins/com.st.stm32cube.ide.mcu.externaltools.gnu-tools-for-stm32.13.3.rel1.win32_1.0.0.202411081344/tools/bin/../lib/gcc/arm-none-eabi/13.3.1/thumb/v7e-m+fp/hard/crti.o
                0x08004778                _fini
 .fini          0x0800477c        0x8 D:/CUDE/STM32CubeIDE_1.18.1/STM32CubeIDE/plugins/com.st.stm32cube.ide.mcu.externaltools.gnu-tools-for-stm32.13.3.rel1.win32_1.0.0.202411081344/tools/bin/../lib/gcc/arm-none-eabi/13.3.1/thumb/v7e-m+fp/hard/crtn.o
                0x08004784                        . = ALIGN (0x4)
                0x08004784                        _etext = .

.vfp11_veneer   0x08004784        0x0
 .vfp11_veneer  0x08004784        0x0 linker stubs

.v4_bx          0x08004784        0x0
 .v4_bx         0x08004784        0x0 linker stubs

.iplt           0x08004784        0x0
 .iplt          0x08004784        0x0 D:/CUDE/STM32CubeIDE_1.18.1/STM32CubeIDE/plugins/com.st.stm32cube.ide.mcu.externaltools.gnu-tools-for-stm32.13.3.rel1.win32_1.0.0.202411081344/tools/bin/../lib/gcc/arm-none-eabi/13.3.1/thumb/v7e-m+fp/hard/crtbegin.o

.rodata         0x08004784       0x20
                0x08004784                        . = ALIGN (0x4)
 *(.rodata)
 *(.rodata*)
 .rodata.APBPrescTable
                0x08004784        0x8 ./Core/Src/system_stm32f4xx.o
                0x08004784                APBPrescTable
 .rodata.AHBPrescTable
                0x0800478c       0x10 ./Core/Src/system_stm32f4xx.o
                0x0800478c                AHBPrescTable
 .rodata.flagBitshiftOffset.0
                0x0800479c        0x8 ./Drivers/STM32F4xx_HAL_Driver/Src/stm32f4xx_hal_dma.o
                0x080047a4                        . = ALIGN (0x4)

.ARM.extab      0x080047a4        0x0
                0x080047a4                        . = ALIGN (0x4)
 *(.ARM.extab* .gnu.linkonce.armextab.*)
                0x080047a4                        . = ALIGN (0x4)

.ARM            0x080047a4        0x8
                0x080047a4                        . = ALIGN (0x4)
                0x080047a4                        __exidx_start = .
 *(.ARM.exidx*)
 .ARM.exidx     0x080047a4        0x8 D:/CUDE/STM32CubeIDE_1.18.1/STM32CubeIDE/plugins/com.st.stm32cube.ide.mcu.externaltools.gnu-tools-for-stm32.13.3.rel1.win32_1.0.0.202411081344/tools/bin/../lib/gcc/arm-none-eabi/13.3.1/thumb/v7e-m+fp/hard\libgcc.a(_udivmoddi4.o)
                0x080047ac                        __exidx_end = .
                0x080047ac                        . = ALIGN (0x4)

.rel.dyn        0x080047ac        0x0
 .rel.iplt      0x080047ac        0x0 D:/CUDE/STM32CubeIDE_1.18.1/STM32CubeIDE/plugins/com.st.stm32cube.ide.mcu.externaltools.gnu-tools-for-stm32.13.3.rel1.win32_1.0.0.202411081344/tools/bin/../lib/gcc/arm-none-eabi/13.3.1/thumb/v7e-m+fp/hard/crtbegin.o

.preinit_array  0x080047ac        0x0
                0x080047ac                        . = ALIGN (0x4)
                0x080047ac                        PROVIDE (__preinit_array_start = .)
 *(.preinit_array*)
                0x080047ac                        PROVIDE (__preinit_array_end = .)
                0x080047ac                        . = ALIGN (0x4)

.init_array     0x080047ac        0x4
                0x080047ac                        . = ALIGN (0x4)
                0x080047ac                        PROVIDE (__init_array_start = .)
 *(SORT_BY_NAME(.init_array.*))
 *(.init_array*)
 .init_array    0x080047ac        0x4 D:/CUDE/STM32CubeIDE_1.18.1/STM32CubeIDE/plugins/com.st.stm32cube.ide.mcu.externaltools.gnu-tools-for-stm32.13.3.rel1.win32_1.0.0.202411081344/tools/bin/../lib/gcc/arm-none-eabi/13.3.1/thumb/v7e-m+fp/hard/crtbegin.o
                0x080047b0                        PROVIDE (__init_array_end = .)
                0x080047b0                        . = ALIGN (0x4)

.fini_array     0x080047b0        0x4
                0x080047b0                        . = ALIGN (0x4)
                [!provide]                        PROVIDE (__fini_array_start = .)
 *(SORT_BY_NAME(.fini_array.*))
 *(.fini_array*)
 .fini_array    0x080047b0        0x4 D:/CUDE/STM32CubeIDE_1.18.1/STM32CubeIDE/plugins/com.st.stm32cube.ide.mcu.externaltools.gnu-tools-for-stm32.13.3.rel1.win32_1.0.0.202411081344/tools/bin/../lib/gcc/arm-none-eabi/13.3.1/thumb/v7e-m+fp/hard/crtbegin.o
                [!provide]                        PROVIDE (__fini_array_end = .)
                0x080047b4                        . = ALIGN (0x4)
                0x080047b4                        _sidata = LOADADDR (.data)

.data           0x20000000       0x4c load address 0x080047b4
                0x20000000                        . = ALIGN (0x4)
                0x20000000                        _sdata = .
 *(.data)
 *(.data*)
 .data.heartRxData
                0x20000000        0x1 ./Core/Src/ES1642.o
                0x20000000                heartRxData
 .data.broadcast_addr
                0x20000001        0x6 ./Core/Src/ES1642.o
                0x20000001                broadcast_addr
 *fill*         0x20000007        0x1 
 .data.GPIO_PIN
                0x20000008       0x10 ./Core/Src/status.o
                0x20000008                GPIO_PIN
 .data.GPIOx    0x20000018       0x20 ./Core/Src/status.o
                0x20000018                GPIOx
 .data.SystemCoreClock
                0x20000038        0x4 ./Core/Src/system_stm32f4xx.o
                0x20000038                SystemCoreClock
 .data.temp2    0x2000003c        0x4 ./Core/Src/tim.o
                0x2000003c                temp2
 .data.temp1    0x20000040        0x4 ./Core/Src/tim.o
                0x20000040                temp1
 .data.uwTickFreq
                0x20000044        0x1 ./Drivers/STM32F4xx_HAL_Driver/Src/stm32f4xx_hal.o
                0x20000044                uwTickFreq
 *fill*         0x20000045        0x3 
 .data.uwTickPrio
                0x20000048        0x4 ./Drivers/STM32F4xx_HAL_Driver/Src/stm32f4xx_hal.o
                0x20000048                uwTickPrio
 *(.RamFunc)
 *(.RamFunc*)
                0x2000004c                        . = ALIGN (0x4)
                0x2000004c                        _edata = .

.igot.plt       0x2000004c        0x0 load address 0x08004800
 .igot.plt      0x2000004c        0x0 D:/CUDE/STM32CubeIDE_1.18.1/STM32CubeIDE/plugins/com.st.stm32cube.ide.mcu.externaltools.gnu-tools-for-stm32.13.3.rel1.win32_1.0.0.202411081344/tools/bin/../lib/gcc/arm-none-eabi/13.3.1/thumb/v7e-m+fp/hard/crtbegin.o
                0x2000004c                        . = ALIGN (0x4)

.bss            0x2000004c      0xa58 load address 0x08004800
                0x2000004c                        _sbss = .
                0x2000004c                        __bss_start__ = _sbss
 *(.bss)
 .bss           0x2000004c       0x1c D:/CUDE/STM32CubeIDE_1.18.1/STM32CubeIDE/plugins/com.st.stm32cube.ide.mcu.externaltools.gnu-tools-for-stm32.13.3.rel1.win32_1.0.0.202411081344/tools/bin/../lib/gcc/arm-none-eabi/13.3.1/thumb/v7e-m+fp/hard/crtbegin.o
 *(.bss*)
 .bss.hdma_adc1
                0x20000068       0x60 ./Core/Src/adc.o
                0x20000068                hdma_adc1
 .bss.hadc1     0x200000c8       0x48 ./Core/Src/adc.o
                0x200000c8                hadc1
 .bss.AdcBuf    0x20000110        0xa ./Core/Src/adc.o
                0x20000110                AdcBuf
 *fill*         0x2000011a        0x2 
 .bss.hdma_memtomem_dma2_stream0
                0x2000011c       0x60 ./Core/Src/dma.o
                0x2000011c                hdma_memtomem_dma2_stream0
 .bss.uart_tx_enabled
                0x2000017c        0x1 ./Core/Src/main.o
                0x2000017c                uart_tx_enabled
 *fill*         0x2000017d        0x3 
 .bss.stateMach
                0x20000180      0x188 ./Core/Src/status.o
                0x20000180                stateMach
 .bss.connect_timeout
                0x20000308        0x2 ./Core/Src/stm32f4xx_it.o
                0x20000308                connect_timeout
 .bss.chargeState
                0x2000030a        0x1 ./Core/Src/stm32f4xx_it.o
                0x2000030a                chargeState
 .bss.frame_length
                0x2000030b        0x1 ./Core/Src/stm32f4xx_it.o
                0x2000030b                frame_length
 .bss.ES1642_frame
                0x2000030c       0x20 ./Core/Src/stm32f4xx_it.o
                0x2000030c                ES1642_frame
 .bss.i         0x2000032c        0x4 ./Core/Src/stm32f4xx_it.o
                0x2000032c                i
 .bss.result    0x20000330        0x4 ./Core/Src/stm32f4xx_it.o
                0x20000330                result
 .bss.user_data_len
                0x20000334        0x2 ./Core/Src/stm32f4xx_it.o
                0x20000334                user_data_len
 .bss.user_data
                0x20000336        0x4 ./Core/Src/stm32f4xx_it.o
                0x20000336                user_data
 .bss.src_addr  0x2000033a        0x6 ./Core/Src/stm32f4xx_it.o
                0x2000033a                src_addr
 .bss.RX_data   0x20000340       0x80 ./Core/Src/stm32f4xx_it.o
                0x20000340                RX_data
 .bss.duty2     0x200003c0        0x4 ./Core/Src/tim.o
                0x200003c0                duty2
 .bss.duty1     0x200003c4        0x4 ./Core/Src/tim.o
                0x200003c4                duty1
 .bss.v2        0x200003c8        0x4 ./Core/Src/tim.o
                0x200003c8                v2
 .bss.v1        0x200003cc        0x4 ./Core/Src/tim.o
                0x200003cc                v1
 .bss.temperature_raw
                0x200003d0        0x4 ./Core/Src/tim.o
                0x200003d0                temperature_raw
 .bss.motor_temperature
                0x200003d4        0x4 ./Core/Src/tim.o
                0x200003d4                motor_temperature
 .bss.RX3_Cnt   0x200003d8        0x2 ./Core/Src/tim.o
                0x200003d8                RX3_Cnt
 .bss.RX3_TimeOut
                0x200003da        0x2 ./Core/Src/tim.o
                0x200003da                RX3_TimeOut
 .bss.htim3     0x200003dc       0x48 ./Core/Src/tim.o
                0x200003dc                htim3
 .bss.htim2     0x20000424       0x48 ./Core/Src/tim.o
                0x20000424                htim2
 .bss.htim1     0x2000046c       0x48 ./Core/Src/tim.o
                0x2000046c                htim1
 .bss.hdma_usart1_rx
                0x200004b4       0x60 ./Core/Src/usart.o
                0x200004b4                hdma_usart1_rx
 .bss.hdma_usart1_tx
                0x20000514       0x60 ./Core/Src/usart.o
                0x20000514                hdma_usart1_tx
 .bss.huart3    0x20000574       0x44 ./Core/Src/usart.o
                0x20000574                huart3
 .bss.huart1    0x200005b8       0x44 ./Core/Src/usart.o
                0x200005b8                huart1
 .bss.fac_us    0x200005fc        0x1 ./Core/Src/OLED/delay.o
 .bss.OLED_GRAM
                0x200005fd      0x480 ./Core/Src/OLED/oled.o
                0x200005fd                OLED_GRAM
 *fill*         0x20000a7d        0x3 
 .bss.oledStatus
                0x20000a80       0x20 ./Core/Src/OLED/oledStatus.o
                0x20000a80                oledStatus
 .bss.uwTick    0x20000aa0        0x4 ./Drivers/STM32F4xx_HAL_Driver/Src/stm32f4xx_hal.o
                0x20000aa0                uwTick
 *(COMMON)
                0x20000aa4                        . = ALIGN (0x4)
                0x20000aa4                        _ebss = .
                0x20000aa4                        __bss_end__ = _ebss

._user_heap_stack
                0x20000aa4      0x604 load address 0x08004800
                0x20000aa8                        . = ALIGN (0x8)
 *fill*         0x20000aa4        0x4 
                [!provide]                        PROVIDE (end = .)
                0x20000aa8                        PROVIDE (_end = .)
                0x20000ca8                        . = (. + _Min_Heap_Size)
 *fill*         0x20000aa8      0x200 
                0x200010a8                        . = (. + _Min_Stack_Size)
 *fill*         0x20000ca8      0x400 
                0x200010a8                        . = ALIGN (0x8)

/DISCARD/
 libc.a(*)
 libm.a(*)
 libgcc.a(*)

.ARM.attributes
                0x00000000       0x30
 *(.ARM.attributes)
 .ARM.attributes
                0x00000000       0x22 D:/CUDE/STM32CubeIDE_1.18.1/STM32CubeIDE/plugins/com.st.stm32cube.ide.mcu.externaltools.gnu-tools-for-stm32.13.3.rel1.win32_1.0.0.202411081344/tools/bin/../lib/gcc/arm-none-eabi/13.3.1/thumb/v7e-m+fp/hard/crti.o
 .ARM.attributes
                0x00000022       0x34 D:/CUDE/STM32CubeIDE_1.18.1/STM32CubeIDE/plugins/com.st.stm32cube.ide.mcu.externaltools.gnu-tools-for-stm32.13.3.rel1.win32_1.0.0.202411081344/tools/bin/../lib/gcc/arm-none-eabi/13.3.1/thumb/v7e-m+fp/hard/crtbegin.o
 .ARM.attributes
                0x00000056       0x34 ./Core/Src/ES1642.o
 .ARM.attributes
                0x0000008a       0x34 ./Core/Src/adc.o
 .ARM.attributes
                0x000000be       0x34 ./Core/Src/dma.o
 .ARM.attributes
                0x000000f2       0x34 ./Core/Src/gpio.o
 .ARM.attributes
                0x00000126       0x34 ./Core/Src/main.o
 .ARM.attributes
                0x0000015a       0x34 ./Core/Src/status.o
 .ARM.attributes
                0x0000018e       0x34 ./Core/Src/stm32f4xx_hal_msp.o
 .ARM.attributes
                0x000001c2       0x34 ./Core/Src/stm32f4xx_it.o
 .ARM.attributes
                0x000001f6       0x34 ./Core/Src/system_stm32f4xx.o
 .ARM.attributes
                0x0000022a       0x34 ./Core/Src/tim.o
 .ARM.attributes
                0x0000025e       0x34 ./Core/Src/usart.o
 .ARM.attributes
                0x00000292       0x34 ./Core/Src/FlashDrv/FlashDrv.o
 .ARM.attributes
                0x000002c6       0x34 ./Core/Src/OLED/delay.o
 .ARM.attributes
                0x000002fa       0x34 ./Core/Src/OLED/oled.o
 .ARM.attributes
                0x0000032e       0x34 ./Core/Src/OLED/oledStatus.o
 .ARM.attributes
                0x00000362       0x21 ./Core/Startup/startup_stm32f446retx.o
 .ARM.attributes
                0x00000383       0x34 ./Drivers/STM32F4xx_HAL_Driver/Src/stm32f4xx_hal.o
 .ARM.attributes
                0x000003b7       0x34 ./Drivers/STM32F4xx_HAL_Driver/Src/stm32f4xx_hal_adc.o
 .ARM.attributes
                0x000003eb       0x34 ./Drivers/STM32F4xx_HAL_Driver/Src/stm32f4xx_hal_cortex.o
 .ARM.attributes
                0x0000041f       0x34 ./Drivers/STM32F4xx_HAL_Driver/Src/stm32f4xx_hal_dma.o
 .ARM.attributes
                0x00000453       0x34 ./Drivers/STM32F4xx_HAL_Driver/Src/stm32f4xx_hal_gpio.o
 .ARM.attributes
                0x00000487       0x34 ./Drivers/STM32F4xx_HAL_Driver/Src/stm32f4xx_hal_pwr_ex.o
 .ARM.attributes
                0x000004bb       0x34 ./Drivers/STM32F4xx_HAL_Driver/Src/stm32f4xx_hal_rcc.o
 .ARM.attributes
                0x000004ef       0x34 ./Drivers/STM32F4xx_HAL_Driver/Src/stm32f4xx_hal_rcc_ex.o
 .ARM.attributes
                0x00000523       0x34 ./Drivers/STM32F4xx_HAL_Driver/Src/stm32f4xx_hal_tim.o
 .ARM.attributes
                0x00000557       0x34 ./Drivers/STM32F4xx_HAL_Driver/Src/stm32f4xx_hal_tim_ex.o
 .ARM.attributes
                0x0000058b       0x34 ./Drivers/STM32F4xx_HAL_Driver/Src/stm32f4xx_hal_uart.o
 .ARM.attributes
                0x000005bf       0x34 D:/CUDE/STM32CubeIDE_1.18.1/STM32CubeIDE/plugins/com.st.stm32cube.ide.mcu.externaltools.gnu-tools-for-stm32.13.3.rel1.win32_1.0.0.202411081344/tools/bin/../lib/gcc/arm-none-eabi/13.3.1/../../../../arm-none-eabi/lib/thumb/v7e-m+fp/hard\libc_nano.a(libc_a-memset.o)
 .ARM.attributes
                0x000005f3       0x34 D:/CUDE/STM32CubeIDE_1.18.1/STM32CubeIDE/plugins/com.st.stm32cube.ide.mcu.externaltools.gnu-tools-for-stm32.13.3.rel1.win32_1.0.0.202411081344/tools/bin/../lib/gcc/arm-none-eabi/13.3.1/../../../../arm-none-eabi/lib/thumb/v7e-m+fp/hard\libc_nano.a(libc_a-init.o)
 .ARM.attributes
                0x00000627       0x34 D:/CUDE/STM32CubeIDE_1.18.1/STM32CubeIDE/plugins/com.st.stm32cube.ide.mcu.externaltools.gnu-tools-for-stm32.13.3.rel1.win32_1.0.0.202411081344/tools/bin/../lib/gcc/arm-none-eabi/13.3.1/../../../../arm-none-eabi/lib/thumb/v7e-m+fp/hard\libc_nano.a(libc_a-memcpy-stub.o)
 .ARM.attributes
                0x0000065b       0x22 D:/CUDE/STM32CubeIDE_1.18.1/STM32CubeIDE/plugins/com.st.stm32cube.ide.mcu.externaltools.gnu-tools-for-stm32.13.3.rel1.win32_1.0.0.202411081344/tools/bin/../lib/gcc/arm-none-eabi/13.3.1/thumb/v7e-m+fp/hard\libgcc.a(_arm_addsubdf3.o)
 .ARM.attributes
                0x0000067d       0x22 D:/CUDE/STM32CubeIDE_1.18.1/STM32CubeIDE/plugins/com.st.stm32cube.ide.mcu.externaltools.gnu-tools-for-stm32.13.3.rel1.win32_1.0.0.202411081344/tools/bin/../lib/gcc/arm-none-eabi/13.3.1/thumb/v7e-m+fp/hard\libgcc.a(_arm_muldivdf3.o)
 .ARM.attributes
                0x0000069f       0x22 D:/CUDE/STM32CubeIDE_1.18.1/STM32CubeIDE/plugins/com.st.stm32cube.ide.mcu.externaltools.gnu-tools-for-stm32.13.3.rel1.win32_1.0.0.202411081344/tools/bin/../lib/gcc/arm-none-eabi/13.3.1/thumb/v7e-m+fp/hard\libgcc.a(_arm_cmpdf2.o)
 .ARM.attributes
                0x000006c1       0x22 D:/CUDE/STM32CubeIDE_1.18.1/STM32CubeIDE/plugins/com.st.stm32cube.ide.mcu.externaltools.gnu-tools-for-stm32.13.3.rel1.win32_1.0.0.202411081344/tools/bin/../lib/gcc/arm-none-eabi/13.3.1/thumb/v7e-m+fp/hard\libgcc.a(_arm_truncdfsf2.o)
 .ARM.attributes
                0x000006e3       0x22 D:/CUDE/STM32CubeIDE_1.18.1/STM32CubeIDE/plugins/com.st.stm32cube.ide.mcu.externaltools.gnu-tools-for-stm32.13.3.rel1.win32_1.0.0.202411081344/tools/bin/../lib/gcc/arm-none-eabi/13.3.1/thumb/v7e-m+fp/hard\libgcc.a(_aeabi_uldivmod.o)
 .ARM.attributes
                0x00000705       0x34 D:/CUDE/STM32CubeIDE_1.18.1/STM32CubeIDE/plugins/com.st.stm32cube.ide.mcu.externaltools.gnu-tools-for-stm32.13.3.rel1.win32_1.0.0.202411081344/tools/bin/../lib/gcc/arm-none-eabi/13.3.1/thumb/v7e-m+fp/hard\libgcc.a(_udivmoddi4.o)
 .ARM.attributes
                0x00000739       0x22 D:/CUDE/STM32CubeIDE_1.18.1/STM32CubeIDE/plugins/com.st.stm32cube.ide.mcu.externaltools.gnu-tools-for-stm32.13.3.rel1.win32_1.0.0.202411081344/tools/bin/../lib/gcc/arm-none-eabi/13.3.1/thumb/v7e-m+fp/hard\libgcc.a(_dvmd_tls.o)
 .ARM.attributes
                0x0000075b       0x22 D:/CUDE/STM32CubeIDE_1.18.1/STM32CubeIDE/plugins/com.st.stm32cube.ide.mcu.externaltools.gnu-tools-for-stm32.13.3.rel1.win32_1.0.0.202411081344/tools/bin/../lib/gcc/arm-none-eabi/13.3.1/thumb/v7e-m+fp/hard/crtn.o
OUTPUT(F446.elf elf32-littlearm)
LOAD linker stubs
LOAD D:/CUDE/STM32CubeIDE_1.18.1/STM32CubeIDE/plugins/com.st.stm32cube.ide.mcu.externaltools.gnu-tools-for-stm32.13.3.rel1.win32_1.0.0.202411081344/tools/bin/../lib/gcc/arm-none-eabi/13.3.1/../../../../arm-none-eabi/lib/thumb/v7e-m+fp/hard\libc.a
LOAD D:/CUDE/STM32CubeIDE_1.18.1/STM32CubeIDE/plugins/com.st.stm32cube.ide.mcu.externaltools.gnu-tools-for-stm32.13.3.rel1.win32_1.0.0.202411081344/tools/bin/../lib/gcc/arm-none-eabi/13.3.1/../../../../arm-none-eabi/lib/thumb/v7e-m+fp/hard\libm.a
LOAD D:/CUDE/STM32CubeIDE_1.18.1/STM32CubeIDE/plugins/com.st.stm32cube.ide.mcu.externaltools.gnu-tools-for-stm32.13.3.rel1.win32_1.0.0.202411081344/tools/bin/../lib/gcc/arm-none-eabi/13.3.1/thumb/v7e-m+fp/hard\libgcc.a

.comment        0x00000000       0x43
 .comment       0x00000000       0x43 ./Core/Src/ES1642.o
                                 0x44 (size before relaxing)
 .comment       0x00000043       0x44 ./Core/Src/adc.o
 .comment       0x00000043       0x44 ./Core/Src/dma.o
 .comment       0x00000043       0x44 ./Core/Src/gpio.o
 .comment       0x00000043       0x44 ./Core/Src/main.o
 .comment       0x00000043       0x44 ./Core/Src/status.o
 .comment       0x00000043       0x44 ./Core/Src/stm32f4xx_hal_msp.o
 .comment       0x00000043       0x44 ./Core/Src/stm32f4xx_it.o
 .comment       0x00000043       0x44 ./Core/Src/system_stm32f4xx.o
 .comment       0x00000043       0x44 ./Core/Src/tim.o
 .comment       0x00000043       0x44 ./Core/Src/usart.o
 .comment       0x00000043       0x44 ./Core/Src/FlashDrv/FlashDrv.o
 .comment       0x00000043       0x44 ./Core/Src/OLED/delay.o
 .comment       0x00000043       0x44 ./Core/Src/OLED/oled.o
 .comment       0x00000043       0x44 ./Core/Src/OLED/oledStatus.o
 .comment       0x00000043       0x44 ./Drivers/STM32F4xx_HAL_Driver/Src/stm32f4xx_hal.o
 .comment       0x00000043       0x44 ./Drivers/STM32F4xx_HAL_Driver/Src/stm32f4xx_hal_adc.o
 .comment       0x00000043       0x44 ./Drivers/STM32F4xx_HAL_Driver/Src/stm32f4xx_hal_cortex.o
 .comment       0x00000043       0x44 ./Drivers/STM32F4xx_HAL_Driver/Src/stm32f4xx_hal_dma.o
 .comment       0x00000043       0x44 ./Drivers/STM32F4xx_HAL_Driver/Src/stm32f4xx_hal_gpio.o
 .comment       0x00000043       0x44 ./Drivers/STM32F4xx_HAL_Driver/Src/stm32f4xx_hal_pwr_ex.o
 .comment       0x00000043       0x44 ./Drivers/STM32F4xx_HAL_Driver/Src/stm32f4xx_hal_rcc.o
 .comment       0x00000043       0x44 ./Drivers/STM32F4xx_HAL_Driver/Src/stm32f4xx_hal_rcc_ex.o
 .comment       0x00000043       0x44 ./Drivers/STM32F4xx_HAL_Driver/Src/stm32f4xx_hal_tim.o
 .comment       0x00000043       0x44 ./Drivers/STM32F4xx_HAL_Driver/Src/stm32f4xx_hal_tim_ex.o
 .comment       0x00000043       0x44 ./Drivers/STM32F4xx_HAL_Driver/Src/stm32f4xx_hal_uart.o

.debug_frame    0x00000000      0x2b8
 .debug_frame   0x00000000       0x20 D:/CUDE/STM32CubeIDE_1.18.1/STM32CubeIDE/plugins/com.st.stm32cube.ide.mcu.externaltools.gnu-tools-for-stm32.13.3.rel1.win32_1.0.0.202411081344/tools/bin/../lib/gcc/arm-none-eabi/13.3.1/../../../../arm-none-eabi/lib/thumb/v7e-m+fp/hard\libc_nano.a(libc_a-memset.o)
 .debug_frame   0x00000020       0x2c D:/CUDE/STM32CubeIDE_1.18.1/STM32CubeIDE/plugins/com.st.stm32cube.ide.mcu.externaltools.gnu-tools-for-stm32.13.3.rel1.win32_1.0.0.202411081344/tools/bin/../lib/gcc/arm-none-eabi/13.3.1/../../../../arm-none-eabi/lib/thumb/v7e-m+fp/hard\libc_nano.a(libc_a-init.o)
 .debug_frame   0x0000004c       0x28 D:/CUDE/STM32CubeIDE_1.18.1/STM32CubeIDE/plugins/com.st.stm32cube.ide.mcu.externaltools.gnu-tools-for-stm32.13.3.rel1.win32_1.0.0.202411081344/tools/bin/../lib/gcc/arm-none-eabi/13.3.1/../../../../arm-none-eabi/lib/thumb/v7e-m+fp/hard\libc_nano.a(libc_a-memcpy-stub.o)
 .debug_frame   0x00000074       0xac D:/CUDE/STM32CubeIDE_1.18.1/STM32CubeIDE/plugins/com.st.stm32cube.ide.mcu.externaltools.gnu-tools-for-stm32.13.3.rel1.win32_1.0.0.202411081344/tools/bin/../lib/gcc/arm-none-eabi/13.3.1/thumb/v7e-m+fp/hard\libgcc.a(_arm_addsubdf3.o)
 .debug_frame   0x00000120       0x50 D:/CUDE/STM32CubeIDE_1.18.1/STM32CubeIDE/plugins/com.st.stm32cube.ide.mcu.externaltools.gnu-tools-for-stm32.13.3.rel1.win32_1.0.0.202411081344/tools/bin/../lib/gcc/arm-none-eabi/13.3.1/thumb/v7e-m+fp/hard\libgcc.a(_arm_muldivdf3.o)
 .debug_frame   0x00000170       0xc4 D:/CUDE/STM32CubeIDE_1.18.1/STM32CubeIDE/plugins/com.st.stm32cube.ide.mcu.externaltools.gnu-tools-for-stm32.13.3.rel1.win32_1.0.0.202411081344/tools/bin/../lib/gcc/arm-none-eabi/13.3.1/thumb/v7e-m+fp/hard\libgcc.a(_arm_cmpdf2.o)
 .debug_frame   0x00000234       0x24 D:/CUDE/STM32CubeIDE_1.18.1/STM32CubeIDE/plugins/com.st.stm32cube.ide.mcu.externaltools.gnu-tools-for-stm32.13.3.rel1.win32_1.0.0.202411081344/tools/bin/../lib/gcc/arm-none-eabi/13.3.1/thumb/v7e-m+fp/hard\libgcc.a(_arm_truncdfsf2.o)
 .debug_frame   0x00000258       0x2c D:/CUDE/STM32CubeIDE_1.18.1/STM32CubeIDE/plugins/com.st.stm32cube.ide.mcu.externaltools.gnu-tools-for-stm32.13.3.rel1.win32_1.0.0.202411081344/tools/bin/../lib/gcc/arm-none-eabi/13.3.1/thumb/v7e-m+fp/hard\libgcc.a(_aeabi_uldivmod.o)
 .debug_frame   0x00000284       0x34 D:/CUDE/STM32CubeIDE_1.18.1/STM32CubeIDE/plugins/com.st.stm32cube.ide.mcu.externaltools.gnu-tools-for-stm32.13.3.rel1.win32_1.0.0.202411081344/tools/bin/../lib/gcc/arm-none-eabi/13.3.1/thumb/v7e-m+fp/hard\libgcc.a(_udivmoddi4.o)
