../Core/Src/OLED/oled.c:37:6:IIC_delay	0	static
../Core/Src/OLED/oled.c:44:6:I2C_Start	8	static
../Core/Src/OLED/oled.c:56:6:I2C_Stop	8	static
../Core/Src/OLED/oled.c:65:6:I2C_WaitAck	8	static
../Core/Src/OLED/oled.c:76:6:Send_Byte	16	static
../Core/Src/OLED/oled.c:99:6:OLED_WR_Byte	16	static
../Core/Src/OLED/oled.c:9:6:OLED_ColorTurn	8	static
../Core/Src/OLED/oled.c:22:6:OLED_DisplayTurn	8	static
../Core/Src/OLED/oled.c:113:6:OLED_DisPlay_On	8	static
../Core/Src/OLED/oled.c:121:6:OLED_DisPlay_Off	8	static
../Core/Src/OLED/oled.c:129:6:OLED_Refresh	16	static
../Core/Src/OLED/oled.c:151:6:OLED_Clear	8	static
../Core/Src/OLED/oled.c:168:6:OLED_DrawPoint	0	static
../Core/Src/OLED/oled.c:186:6:OLED_DrawLine	56	static
../Core/Src/OLED/oled.c:222:6:OLED_DrawCircle	56	static
../Core/Src/OLED/oled.c:256:6:OLED_ShowChar	56	static
../Core/Src/OLED/oled.c:294:6:OLED_ShowString	32	static
../Core/Src/OLED/oled.c:306:5:OLED_Pow	0	static
../Core/Src/OLED/oled.c:322:6:OLED_ShowNum	48	static
../Core/Src/OLED/oled.c:344:6:OLED_ShowChinese	56	static
../Core/Src/OLED/oled.c:377:6:OLED_ScrollDisplay	32	static
../Core/Src/OLED/oled.c:419:6:OLED_ShowPicture	56	static
../Core/Src/OLED/oled.c:449:6:OLED_Init	8	static
